../Src/BootLoader/BootLoader.c:13:20:u8VerifyCRC	40	static
../Src/BootLoader/BootLoader.c:37:13:voidSendAck	24	static
../Src/BootLoader/BootLoader.c:44:13:voidSendNAck	16	static
../Src/BootLoader/BootLoader.c:50:24:u8ValidateAddress	24	static
../Src/BootLoader/BootLoader.c:69:22:u8ExecuteFlashErase	24	static
../Src/BootLoader/BootLoader.c:108:24:u8ExecuteMemWrite	32	static
../Src/BootLoader/BootLoader.c:135:22:u8ExecuteEnableRWProtection	24	static
../Src/BootLoader/BootLoader.c:160:6:BL_voidHandleGetVerCmd	32	static
../Src/BootLoader/BootLoader.c:190:6:BL_voidHandleGetHelpCmd	48	static
../Src/BootLoader/BootLoader.c:235:6:BL_voidHandleGetCIDCmd	32	static
../Src/BootLoader/BootLoader.c:264:6:BL_voidHandleGetRDPStatusCmd	32	static
../Src/BootLoader/BootLoader.c:292:6:BL_voidHandleGoToAddressCmd	40	static
../Src/BootLoader/BootLoader.c:328:6:BL_voidHandleFlashEraseCmd	32	static
../Src/BootLoader/BootLoader.c:357:6:BL_voidHandleMemWriteCmd	40	static
../Src/BootLoader/BootLoader.c:398:6:BL_voidHandleEnableRWCmd	32	static
../Src/BootLoader/BootLoader.c:430:6:BL_voidHandleMemReadCmd	40	static
../Src/BootLoader/BootLoader.c:468:6:BL_voidHandleReadSectorStatusCmd	32	static
../Src/BootLoader/BootLoader.c:497:6:BL_voidHandleOTPReadCmd	32	static
../Src/BootLoader/BootLoader.c:526:6:BL_voidHandleDisableWRProtectCmd	32	static
../Src/BootLoader/BootLoader.c:560:6:BL_voidHandleResetCmd	32	static
