Archive member included to satisfy reference by file (symbol)

C:/ST/STM32CubeIDE_1.14.0/STM32CubeIDE/plugins/com.st.stm32cube.ide.mcu.externaltools.gnu-tools-for-stm32.11.3.rel1.win32_1.1.100.202309141235/tools/bin/../lib/gcc/arm-none-eabi/11.3.1/../../../../arm-none-eabi/lib/thumb/v7e-m/nofp\libc_nano.a(libc_a-exit.o)
                              C:/ST/STM32CubeIDE_1.14.0/STM32CubeIDE/plugins/com.st.stm32cube.ide.mcu.externaltools.gnu-tools-for-stm32.11.3.rel1.win32_1.1.100.202309141235/tools/bin/../lib/gcc/arm-none-eabi/11.3.1/../../../../arm-none-eabi/lib/thumb/v7e-m/nofp/crt0.o (exit)
C:/ST/STM32CubeIDE_1.14.0/STM32CubeIDE/plugins/com.st.stm32cube.ide.mcu.externaltools.gnu-tools-for-stm32.11.3.rel1.win32_1.1.100.202309141235/tools/bin/../lib/gcc/arm-none-eabi/11.3.1/../../../../arm-none-eabi/lib/thumb/v7e-m/nofp\libc_nano.a(libc_a-findfp.o)
                              C:/ST/STM32CubeIDE_1.14.0/STM32CubeIDE/plugins/com.st.stm32cube.ide.mcu.externaltools.gnu-tools-for-stm32.11.3.rel1.win32_1.1.100.202309141235/tools/bin/../lib/gcc/arm-none-eabi/11.3.1/../../../../arm-none-eabi/lib/thumb/v7e-m/nofp\libc_nano.a(libc_a-exit.o) (__stdio_exit_handler)
C:/ST/STM32CubeIDE_1.14.0/STM32CubeIDE/plugins/com.st.stm32cube.ide.mcu.externaltools.gnu-tools-for-stm32.11.3.rel1.win32_1.1.100.202309141235/tools/bin/../lib/gcc/arm-none-eabi/11.3.1/../../../../arm-none-eabi/lib/thumb/v7e-m/nofp\libc_nano.a(libc_a-fwalk.o)
                              C:/ST/STM32CubeIDE_1.14.0/STM32CubeIDE/plugins/com.st.stm32cube.ide.mcu.externaltools.gnu-tools-for-stm32.11.3.rel1.win32_1.1.100.202309141235/tools/bin/../lib/gcc/arm-none-eabi/11.3.1/../../../../arm-none-eabi/lib/thumb/v7e-m/nofp\libc_nano.a(libc_a-findfp.o) (_fwalk_sglue)
C:/ST/STM32CubeIDE_1.14.0/STM32CubeIDE/plugins/com.st.stm32cube.ide.mcu.externaltools.gnu-tools-for-stm32.11.3.rel1.win32_1.1.100.202309141235/tools/bin/../lib/gcc/arm-none-eabi/11.3.1/../../../../arm-none-eabi/lib/thumb/v7e-m/nofp\libc_nano.a(libc_a-stdio.o)
                              C:/ST/STM32CubeIDE_1.14.0/STM32CubeIDE/plugins/com.st.stm32cube.ide.mcu.externaltools.gnu-tools-for-stm32.11.3.rel1.win32_1.1.100.202309141235/tools/bin/../lib/gcc/arm-none-eabi/11.3.1/../../../../arm-none-eabi/lib/thumb/v7e-m/nofp\libc_nano.a(libc_a-findfp.o) (__sread)
C:/ST/STM32CubeIDE_1.14.0/STM32CubeIDE/plugins/com.st.stm32cube.ide.mcu.externaltools.gnu-tools-for-stm32.11.3.rel1.win32_1.1.100.202309141235/tools/bin/../lib/gcc/arm-none-eabi/11.3.1/../../../../arm-none-eabi/lib/thumb/v7e-m/nofp\libc_nano.a(libc_a-memset.o)
                              C:/ST/STM32CubeIDE_1.14.0/STM32CubeIDE/plugins/com.st.stm32cube.ide.mcu.externaltools.gnu-tools-for-stm32.11.3.rel1.win32_1.1.100.202309141235/tools/bin/../lib/gcc/arm-none-eabi/11.3.1/../../../../arm-none-eabi/lib/thumb/v7e-m/nofp/crt0.o (memset)
C:/ST/STM32CubeIDE_1.14.0/STM32CubeIDE/plugins/com.st.stm32cube.ide.mcu.externaltools.gnu-tools-for-stm32.11.3.rel1.win32_1.1.100.202309141235/tools/bin/../lib/gcc/arm-none-eabi/11.3.1/../../../../arm-none-eabi/lib/thumb/v7e-m/nofp\libc_nano.a(libc_a-closer.o)
                              C:/ST/STM32CubeIDE_1.14.0/STM32CubeIDE/plugins/com.st.stm32cube.ide.mcu.externaltools.gnu-tools-for-stm32.11.3.rel1.win32_1.1.100.202309141235/tools/bin/../lib/gcc/arm-none-eabi/11.3.1/../../../../arm-none-eabi/lib/thumb/v7e-m/nofp\libc_nano.a(libc_a-stdio.o) (_close_r)
C:/ST/STM32CubeIDE_1.14.0/STM32CubeIDE/plugins/com.st.stm32cube.ide.mcu.externaltools.gnu-tools-for-stm32.11.3.rel1.win32_1.1.100.202309141235/tools/bin/../lib/gcc/arm-none-eabi/11.3.1/../../../../arm-none-eabi/lib/thumb/v7e-m/nofp\libc_nano.a(libc_a-reent.o)
                              C:/ST/STM32CubeIDE_1.14.0/STM32CubeIDE/plugins/com.st.stm32cube.ide.mcu.externaltools.gnu-tools-for-stm32.11.3.rel1.win32_1.1.100.202309141235/tools/bin/../lib/gcc/arm-none-eabi/11.3.1/../../../../arm-none-eabi/lib/thumb/v7e-m/nofp\libc_nano.a(libc_a-closer.o) (errno)
C:/ST/STM32CubeIDE_1.14.0/STM32CubeIDE/plugins/com.st.stm32cube.ide.mcu.externaltools.gnu-tools-for-stm32.11.3.rel1.win32_1.1.100.202309141235/tools/bin/../lib/gcc/arm-none-eabi/11.3.1/../../../../arm-none-eabi/lib/thumb/v7e-m/nofp\libc_nano.a(libc_a-impure.o)
                              C:/ST/STM32CubeIDE_1.14.0/STM32CubeIDE/plugins/com.st.stm32cube.ide.mcu.externaltools.gnu-tools-for-stm32.11.3.rel1.win32_1.1.100.202309141235/tools/bin/../lib/gcc/arm-none-eabi/11.3.1/../../../../arm-none-eabi/lib/thumb/v7e-m/nofp\libc_nano.a(libc_a-reent.o) (_impure_ptr)
C:/ST/STM32CubeIDE_1.14.0/STM32CubeIDE/plugins/com.st.stm32cube.ide.mcu.externaltools.gnu-tools-for-stm32.11.3.rel1.win32_1.1.100.202309141235/tools/bin/../lib/gcc/arm-none-eabi/11.3.1/../../../../arm-none-eabi/lib/thumb/v7e-m/nofp\libc_nano.a(libc_a-lseekr.o)
[...]
Memory Configuration

Name             Origin             Length             Attributes
RAM              0x0000000020000000 0x0000000000010000 xrw
FLASH            0x0000000008008000 0x0000000000040000 xr
*default*        0x0000000000000000 0xffffffffffffffff

Linker script and memory map

LOAD C:/ST/STM32CubeIDE_1.14.0/STM32CubeIDE/plugins/com.st.stm32cube.ide.mcu.externaltools.gnu-tools-for-stm32.11.3.rel1.win32_1.1.100.202309141235/tools/bin/../lib/gcc/arm-none-eabi/11.3.1/thumb/v7e-m/nofp/crti.o
LOAD C:/ST/STM32CubeIDE_1.14.0/STM32CubeIDE/plugins/com.st.stm32cube.ide.mcu.externaltools.gnu-tools-for-stm32.11.3.rel1.win32_1.1.100.202309141235/tools/bin/../lib/gcc/arm-none-eabi/11.3.1/thumb/v7e-m/nofp/crtbegin.o
LOAD C:/ST/STM32CubeIDE_1.14.0/STM32CubeIDE/plugins/com.st.stm32cube.ide.mcu.externaltools.gnu-tools-for-stm32.11.3.rel1.win32_1.1.100.202309141235/tools/bin/../lib/gcc/arm-none-eabi/11.3.1/../../../../arm-none-eabi/lib/thumb/v7e-m/nofp/crt0.o
LOAD ./Src/Core_Peripheral/NVIC/NVIC.o
LOAD ./Src/Core_Peripheral/SCB/SCB.o
LOAD ./Src/Core_Peripheral/SystTick/SystTick.o
LOAD ./Src/HAL/Dot_Matrix/DotMatrix.o
LOAD ./Src/HAL/Keypad/keypad.o
LOAD ./Src/HAL/LCD/lcd.o
LOAD ./Src/HAL/LED/led.o
LOAD ./Src/MCAL/EXTI/EXTI.o
LOAD ./Src/MCAL/GPIO/GPIO.o
LOAD ./Src/MCAL/I2C/i2c.o
LOAD ./Src/MCAL/RCC/RCC.o
LOAD ./Src/MCAL/SPI/SPI.o
LOAD ./Src/MCAL/SYSCFG/syscfg.o
LOAD ./Src/MCAL/USART/USART.o
LOAD ./Src/main.o
LOAD ./Src/syscalls.o
LOAD ./Src/sysmem.o
LOAD ./Startup/startup_stm32f401rctx.o
START GROUP
LOAD C:/ST/STM32CubeIDE_1.14.0/STM32CubeIDE/plugins/com.st.stm32cube.ide.mcu.externaltools.gnu-tools-for-stm32.11.3.rel1.win32_1.1.100.202309141235/tools/bin/../lib/gcc/arm-none-eabi/11.3.1/../../../../arm-none-eabi/lib/thumb/v7e-m/nofp\libc_nano.a
LOAD C:/ST/STM32CubeIDE_1.14.0/STM32CubeIDE/plugins/com.st.stm32cube.ide.mcu.externaltools.gnu-tools-for-stm32.11.3.rel1.win32_1.1.100.202309141235/tools/bin/../lib/gcc/arm-none-eabi/11.3.1/../../../../arm-none-eabi/lib/thumb/v7e-m/nofp\libm.a
END GROUP
START GROUP
LOAD C:/ST/STM32CubeIDE_1.14.0/STM32CubeIDE/plugins/com.st.stm32cube.ide.mcu.externaltools.gnu-tools-for-stm32.11.3.rel1.win32_1.1.100.202309141235/tools/bin/../lib/gcc/arm-none-eabi/11.3.1/thumb/v7e-m/nofp\libgcc.a
LOAD C:/ST/STM32CubeIDE_1.14.0/STM32CubeIDE/plugins/com.st.stm32cube.ide.mcu.externaltools.gnu-tools-for-stm32.11.3.rel1.win32_1.1.100.202309141235/tools/bin/../lib/gcc/arm-none-eabi/11.3.1/../../../../arm-none-eabi/lib/thumb/v7e-m/nofp\libc_nano.a
END GROUP
START GROUP
LOAD C:/ST/STM32CubeIDE_1.14.0/STM32CubeIDE/plugins/com.st.stm32cube.ide.mcu.externaltools.gnu-tools-for-stm32.11.3.rel1.win32_1.1.100.202309141235/tools/bin/../lib/gcc/arm-none-eabi/11.3.1/thumb/v7e-m/nofp\libgcc.a
LOAD C:/ST/STM32CubeIDE_1.14.0/STM32CubeIDE/plugins/com.st.stm32cube.ide.mcu.externaltools.gnu-tools-for-stm32.11.3.rel1.win32_1.1.100.202309141235/tools/bin/../lib/gcc/arm-none-eabi/11.3.1/../../../../arm-none-eabi/lib/thumb/v7e-m/nofp\libc_nano.a
LOAD C:/ST/STM32CubeIDE_1.14.0/STM32CubeIDE/plugins/com.st.stm32cube.ide.mcu.externaltools.gnu-tools-for-stm32.11.3.rel1.win32_1.1.100.202309141235/tools/bin/../lib/gcc/arm-none-eabi/11.3.1/../../../../arm-none-eabi/lib/thumb/v7e-m/nofp\libnosys.a
END GROUP
START GROUP
LOAD C:/ST/STM32CubeIDE_1.14.0/STM32CubeIDE/plugins/com.st.stm32cube.ide.mcu.externaltools.gnu-tools-for-stm32.11.3.rel1.win32_1.1.100.202309141235/tools/bin/../lib/gcc/arm-none-eabi/11.3.1/thumb/v7e-m/nofp\libgcc.a
LOAD C:/ST/STM32CubeIDE_1.14.0/STM32CubeIDE/plugins/com.st.stm32cube.ide.mcu.externaltools.gnu-tools-for-stm32.11.3.rel1.win32_1.1.100.202309141235/tools/bin/../lib/gcc/arm-none-eabi/11.3.1/../../../../arm-none-eabi/lib/thumb/v7e-m/nofp\libc_nano.a
LOAD C:/ST/STM32CubeIDE_1.14.0/STM32CubeIDE/plugins/com.st.stm32cube.ide.mcu.externaltools.gnu-tools-for-stm32.11.3.rel1.win32_1.1.100.202309141235/tools/bin/../lib/gcc/arm-none-eabi/11.3.1/../../../../arm-none-eabi/lib/thumb/v7e-m/nofp\libnosys.a
END GROUP
LOAD C:/ST/STM32CubeIDE_1.14.0/STM32CubeIDE/plugins/com.st.stm32cube.ide.mcu.externaltools.gnu-tools-for-stm32.11.3.rel1.win32_1.1.100.202309141235/tools/bin/../lib/gcc/arm-none-eabi/11.3.1/thumb/v7e-m/nofp/crtend.o
LOAD C:/ST/STM32CubeIDE_1.14.0/STM32CubeIDE/plugins/com.st.stm32cube.ide.mcu.externaltools.gnu-tools-for-stm32.11.3.rel1.win32_1.1.100.202309141235/tools/bin/../lib/gcc/arm-none-eabi/11.3.1/thumb/v7e-m/nofp/crtn.o
                0x0000000020010000                _estack = (ORIGIN (RAM) + LENGTH (RAM))
                0x0000000000000200                _Min_Heap_Size = 0x200
                0x0000000000000400                _Min_Stack_Size = 0x400

.isr_vector     0x0000000008008000      0x194
                0x0000000008008000                . = ALIGN (0x4)
 *(.isr_vector)
 .isr_vector    0x0000000008008000      0x194 ./Startup/startup_stm32f401rctx.o
                0x0000000008008000                g_pfnVectors
                0x0000000008008194                . = ALIGN (0x4)

.text           0x0000000008008194     0x1084
                0x0000000008008194                . = ALIGN (0x4)
 *(.text)
 .text          0x0000000008008194       0x40 C:/ST/STM32CubeIDE_1.14.0/STM32CubeIDE/plugins/com.st.stm32cube.ide.mcu.externaltools.gnu-tools-for-stm32.11.3.rel1.win32_1.1.100.202309141235/tools/bin/../lib/gcc/arm-none-eabi/11.3.1/thumb/v7e-m/nofp/crtbegin.o
 *(.text*)
 .text.scb_set_priority_group
                0x00000000080081d4       0x5c ./Src/Core_Peripheral/SCB/SCB.o
                0x00000000080081d4                scb_set_priority_group
 .text.Systick_init
                0x0000000008008230       0x54 ./Src/Core_Peripheral/SystTick/SystTick.o
                0x0000000008008230                Systick_init
 .text.Systick_Wait_Blocking
                0x0000000008008284       0x50 ./Src/Core_Peripheral/SystTick/SystTick.o
                0x0000000008008284                Systick_Wait_Blocking
 .text.delay_ms
                0x00000000080082d4       0x30 ./Src/Core_Peripheral/SystTick/SystTick.o
                0x00000000080082d4                delay_ms
 .text.DotMatrix_init
                0x0000000008008304       0x88 ./Src/HAL/Dot_Matrix/DotMatrix.o
                0x0000000008008304                DotMatrix_init
 .text.DotMatrix_TurnOff
                0x000000000800838c       0x58 ./Src/HAL/Dot_Matrix/DotMatrix.o
                0x000000000800838c                DotMatrix_TurnOff
 .text.DotMatrix_Set_Led_Val
                0x00000000080083e4       0x90 ./Src/HAL/Dot_Matrix/DotMatrix.o
                0x00000000080083e4                DotMatrix_Set_Led_Val
 .text.EXTI_clear_pending_flag
                0x0000000008008474       0x30 ./Src/MCAL/EXTI/EXTI.o
                0x0000000008008474                EXTI_clear_pending_flag
 .text.EXTI_read_pending_flag
                0x00000000080084a4       0x3c ./Src/MCAL/EXTI/EXTI.o
                0x00000000080084a4                EXTI_read_pending_flag
 .text.EXTI0_IRQHandler
                0x00000000080084e0       0x38 ./Src/MCAL/EXTI/EXTI.o
                0x00000000080084e0                EXTI0_IRQHandler
 .text.EXTI1_IRQHandler
                0x0000000008008518       0x38 ./Src/MCAL/EXTI/EXTI.o
                0x0000000008008518                EXTI1_IRQHandler
 .text.EXTI2_IRQHandler
                0x0000000008008550       0x38 ./Src/MCAL/EXTI/EXTI.o
                0x0000000008008550                EXTI2_IRQHandler
 .text.EXTI3_IRQHandler
                0x0000000008008588       0x38 ./Src/MCAL/EXTI/EXTI.o
                0x0000000008008588                EXTI3_IRQHandler
 .text.EXTI4_IRQHandler
                0x00000000080085c0       0x38 ./Src/MCAL/EXTI/EXTI.o
                0x00000000080085c0                EXTI4_IRQHandler
 .text.EXTI9_5_IRQHandler
                0x00000000080085f8      0x134 ./Src/MCAL/EXTI/EXTI.o
                0x00000000080085f8                EXTI9_5_IRQHandler
 .text.EXTI15_10_IRQHandler
                0x000000000800872c      0x16c ./Src/MCAL/EXTI/EXTI.o
                0x000000000800872c                EXTI15_10_IRQHandler
 .text.EXTI16_PVD_IRQHandler
                0x0000000008008898       0x38 ./Src/MCAL/EXTI/EXTI.o
                0x0000000008008898                EXTI16_PVD_IRQHandler
 .text.EXTI17_RTC_Alarm_IRQHandler
                0x00000000080088d0       0x38 ./Src/MCAL/EXTI/EXTI.o
                0x00000000080088d0                EXTI17_RTC_Alarm_IRQHandler
 .text.EXTI18_OTG_FS_WKUP_IRQHandler
                0x0000000008008908       0x38 ./Src/MCAL/EXTI/EXTI.o
                0x0000000008008908                EXTI18_OTG_FS_WKUP_IRQHandler
 .text.EXTI22_RTC_WKUP_IRQHandler
                0x0000000008008940       0x38 ./Src/MCAL/EXTI/EXTI.o
                0x0000000008008940                EXTI22_RTC_WKUP_IRQHandler
 .text.GPIO_Pin_init
                0x0000000008008978      0x23c ./Src/MCAL/GPIO/GPIO.o
                0x0000000008008978                GPIO_Pin_init
 .text.GPIO_Set_Pin_Value
                0x0000000008008bb4       0x9c ./Src/MCAL/GPIO/GPIO.o
                0x0000000008008bb4                GPIO_Set_Pin_Value
 .text.GPIO_Toggle_Pin_Value
                0x0000000008008c50       0x6c ./Src/MCAL/GPIO/GPIO.o
                0x0000000008008c50                GPIO_Toggle_Pin_Value
 .text.HALL_RCC_OscConfig
                0x0000000008008cbc       0xc0 ./Src/MCAL/RCC/RCC.o
                0x0000000008008cbc                HALL_RCC_OscConfig
 .text.HALL_RCC_ClockConfig
                0x0000000008008d7c       0x60 ./Src/MCAL/RCC/RCC.o
                0x0000000008008d7c                HALL_RCC_ClockConfig
 .text.USART2_IRQHandler
                0x0000000008008ddc       0xd0 ./Src/MCAL/USART/USART.o
                0x0000000008008ddc                USART2_IRQHandler
 .text.USART1_IRQHandler
                0x0000000008008eac       0xd0 ./Src/MCAL/USART/USART.o
                0x0000000008008eac                USART1_IRQHandler
 .text.USART6_IRQHandler
                0x0000000008008f7c       0xd0 ./Src/MCAL/USART/USART.o
                0x0000000008008f7c                USART6_IRQHandler
 .text.main     0x000000000800904c       0xb4 ./Src/main.o
                0x000000000800904c                main
 .text.SystemClock_Config
                0x0000000008009100       0x64 ./Src/main.o
                0x0000000008009100                SystemClock_Config
 .text.Reset_Handler
                0x0000000008009164       0x50 ./Startup/startup_stm32f401rctx.o
                0x0000000008009164                Reset_Handler
 .text.Default_Handler
                0x00000000080091b4        0x2 ./Startup/startup_stm32f401rctx.o
                0x00000000080091b4                DebugMon_Handler
                0x00000000080091b4                SPI4_IRQHandler
                0x00000000080091b4                TIM1_CC_IRQHandler
                0x00000000080091b4                DMA2_Stream5_IRQHandler
                0x00000000080091b4                HardFault_Handler
                0x00000000080091b4                DMA1_Stream5_IRQHandler
                0x00000000080091b4                SysTick_Handler
                0x00000000080091b4                SDIO_IRQHandler
                0x00000000080091b4                TAMP_STAMP_IRQHandler
                0x00000000080091b4                PendSV_Handler
                0x00000000080091b4                NMI_Handler
                0x00000000080091b4                TIM1_UP_TIM10_IRQHandler
                0x00000000080091b4                I2C3_ER_IRQHandler
                0x00000000080091b4                I2C2_EV_IRQHandler
                0x00000000080091b4                DMA1_Stream2_IRQHandler
                0x00000000080091b4                UsageFault_Handler
                0x00000000080091b4                DMA2_Stream2_IRQHandler
                0x00000000080091b4                SPI1_IRQHandler
                0x00000000080091b4                TIM1_BRK_TIM9_IRQHandler
                0x00000000080091b4                DMA2_Stream3_IRQHandler
                0x00000000080091b4                DMA2_Stream0_IRQHandler
                0x00000000080091b4                TIM4_IRQHandler
                0x00000000080091b4                I2C1_EV_IRQHandler
                0x00000000080091b4                DMA1_Stream6_IRQHandler
                0x00000000080091b4                DMA1_Stream1_IRQHandler
                0x00000000080091b4                TIM3_IRQHandler
                0x00000000080091b4                RCC_IRQHandler
                0x00000000080091b4                Default_Handler
                0x00000000080091b4                ADC_IRQHandler
                0x00000000080091b4                DMA1_Stream7_IRQHandler
                0x00000000080091b4                TIM5_IRQHandler
                0x00000000080091b4                DMA2_Stream7_IRQHandler
                0x00000000080091b4                I2C3_EV_IRQHandler
                0x00000000080091b4                SPI2_IRQHandler
                0x00000000080091b4                MemManage_Handler
                0x00000000080091b4                DMA1_Stream0_IRQHandler
                0x00000000080091b4                SVC_Handler
                0x00000000080091b4                TIM2_IRQHandler
                0x00000000080091b4                TIM1_TRG_COM_TIM11_IRQHandler
                0x00000000080091b4                I2C2_ER_IRQHandler
                0x00000000080091b4                DMA2_Stream1_IRQHandler
                0x00000000080091b4                FLASH_IRQHandler
                0x00000000080091b4                DMA2_Stream4_IRQHandler
                0x00000000080091b4                BusFault_Handler
                0x00000000080091b4                OTG_FS_IRQHandler
                0x00000000080091b4                SPI3_IRQHandler
                0x00000000080091b4                DMA1_Stream4_IRQHandler
                0x00000000080091b4                I2C1_ER_IRQHandler
                0x00000000080091b4                DMA2_Stream6_IRQHandler
                0x00000000080091b4                DMA1_Stream3_IRQHandler
 *fill*         0x00000000080091b6        0x2 
 .text.__libc_init_array
                0x00000000080091b8       0x48 C:/ST/STM32CubeIDE_1.14.0/STM32CubeIDE/plugins/com.st.stm32cube.ide.mcu.externaltools.gnu-tools-for-stm32.11.3.rel1.win32_1.1.100.202309141235/tools/bin/../lib/gcc/arm-none-eabi/11.3.1/../../../../arm-none-eabi/lib/thumb/v7e-m/nofp\libc_nano.a(libc_a-init.o)
                0x00000000080091b8                __libc_init_array
 *(.glue_7)
 .glue_7        0x0000000008009200        0x0 linker stubs
 *(.glue_7t)
 .glue_7t       0x0000000008009200        0x0 linker stubs
 *(.eh_frame)
 .eh_frame      0x0000000008009200        0x0 C:/ST/STM32CubeIDE_1.14.0/STM32CubeIDE/plugins/com.st.stm32cube.ide.mcu.externaltools.gnu-tools-for-stm32.11.3.rel1.win32_1.1.100.202309141235/tools/bin/../lib/gcc/arm-none-eabi/11.3.1/thumb/v7e-m/nofp/crtbegin.o
 *(.init)
 .init          0x0000000008009200        0x4 C:/ST/STM32CubeIDE_1.14.0/STM32CubeIDE/plugins/com.st.stm32cube.ide.mcu.externaltools.gnu-tools-for-stm32.11.3.rel1.win32_1.1.100.202309141235/tools/bin/../lib/gcc/arm-none-eabi/11.3.1/thumb/v7e-m/nofp/crti.o
                0x0000000008009200                _init
 .init          0x0000000008009204        0x8 C:/ST/STM32CubeIDE_1.14.0/STM32CubeIDE/plugins/com.st.stm32cube.ide.mcu.externaltools.gnu-tools-for-stm32.11.3.rel1.win32_1.1.100.202309141235/tools/bin/../lib/gcc/arm-none-eabi/11.3.1/thumb/v7e-m/nofp/crtn.o
 *(.fini)
 .fini          0x000000000800920c        0x4 C:/ST/STM32CubeIDE_1.14.0/STM32CubeIDE/plugins/com.st.stm32cube.ide.mcu.externaltools.gnu-tools-for-stm32.11.3.rel1.win32_1.1.100.202309141235/tools/bin/../lib/gcc/arm-none-eabi/11.3.1/thumb/v7e-m/nofp/crti.o
                0x000000000800920c                _fini
 .fini          0x0000000008009210        0x8 C:/ST/STM32CubeIDE_1.14.0/STM32CubeIDE/plugins/com.st.stm32cube.ide.mcu.externaltools.gnu-tools-for-stm32.11.3.rel1.win32_1.1.100.202309141235/tools/bin/../lib/gcc/arm-none-eabi/11.3.1/thumb/v7e-m/nofp/crtn.o
                0x0000000008009218                . = ALIGN (0x4)
                0x0000000008009218                _etext = .

.vfp11_veneer   0x0000000008009218        0x0
 .vfp11_veneer  0x0000000008009218        0x0 linker stubs

.v4_bx          0x0000000008009218        0x0
 .v4_bx         0x0000000008009218        0x0 linker stubs

.iplt           0x0000000008009218        0x0
 .iplt          0x0000000008009218        0x0 C:/ST/STM32CubeIDE_1.14.0/STM32CubeIDE/plugins/com.st.stm32cube.ide.mcu.externaltools.gnu-tools-for-stm32.11.3.rel1.win32_1.1.100.202309141235/tools/bin/../lib/gcc/arm-none-eabi/11.3.1/thumb/v7e-m/nofp/crtbegin.o

.rodata         0x0000000008009218       0x10
                0x0000000008009218                . = ALIGN (0x4)
 *(.rodata)
 *(.rodata*)
 .rodata.row_pins_arr
                0x0000000008009218        0x8 ./Src/HAL/Dot_Matrix/DotMatrix.o
 .rodata.col_pins_arr
                0x0000000008009220        0x8 ./Src/HAL/Dot_Matrix/DotMatrix.o
                0x0000000008009228                . = ALIGN (0x4)

.rel.dyn        0x0000000008009228        0x0
 .rel.iplt      0x0000000008009228        0x0 C:/ST/STM32CubeIDE_1.14.0/STM32CubeIDE/plugins/com.st.stm32cube.ide.mcu.externaltools.gnu-tools-for-stm32.11.3.rel1.win32_1.1.100.202309141235/tools/bin/../lib/gcc/arm-none-eabi/11.3.1/thumb/v7e-m/nofp/crtbegin.o

.ARM.extab      0x0000000008009228        0x0
                0x0000000008009228                . = ALIGN (0x4)
 *(.ARM.extab* .gnu.linkonce.armextab.*)
                0x0000000008009228                . = ALIGN (0x4)

.ARM            0x0000000008009228        0x0
                0x0000000008009228                . = ALIGN (0x4)
                0x0000000008009228                __exidx_start = .
 *(.ARM.exidx*)
                0x0000000008009228                __exidx_end = .
                0x0000000008009228                . = ALIGN (0x4)

.preinit_array  0x0000000008009228        0x0
                0x0000000008009228                . = ALIGN (0x4)
                0x0000000008009228                PROVIDE (__preinit_array_start = .)
 *(.preinit_array*)
                0x0000000008009228                PROVIDE (__preinit_array_end = .)
                0x0000000008009228                . = ALIGN (0x4)

.init_array     0x0000000008009228        0x4
                0x0000000008009228                . = ALIGN (0x4)
                0x0000000008009228                PROVIDE (__init_array_start = .)
 *(SORT_BY_NAME(.init_array.*))
 *(.init_array*)
 .init_array    0x0000000008009228        0x4 C:/ST/STM32CubeIDE_1.14.0/STM32CubeIDE/plugins/com.st.stm32cube.ide.mcu.externaltools.gnu-tools-for-stm32.11.3.rel1.win32_1.1.100.202309141235/tools/bin/../lib/gcc/arm-none-eabi/11.3.1/thumb/v7e-m/nofp/crtbegin.o
                0x000000000800922c                PROVIDE (__init_array_end = .)
                0x000000000800922c                . = ALIGN (0x4)

.fini_array     0x000000000800922c        0x4
                0x000000000800922c                . = ALIGN (0x4)
                [!provide]                        PROVIDE (__fini_array_start = .)
 *(SORT_BY_NAME(.fini_array.*))
 *(.fini_array*)
 .fini_array    0x000000000800922c        0x4 C:/ST/STM32CubeIDE_1.14.0/STM32CubeIDE/plugins/com.st.stm32cube.ide.mcu.externaltools.gnu-tools-for-stm32.11.3.rel1.win32_1.1.100.202309141235/tools/bin/../lib/gcc/arm-none-eabi/11.3.1/thumb/v7e-m/nofp/crtbegin.o
                [!provide]                        PROVIDE (__fini_array_end = .)
                0x0000000008009230                . = ALIGN (0x4)
                0x0000000008009230                _sidata = LOADADDR (.data)

.data           0x0000000020000000       0x40 load address 0x0000000008009230
                0x0000000020000000                . = ALIGN (0x4)
                0x0000000020000000                _sdata = .
 *(.data)
 *(.data*)
 .data.GPIO_PORT
                0x0000000020000000       0x18 ./Src/MCAL/GPIO/GPIO.o
 .data.USART_Array
                0x0000000020000018        0xc ./Src/MCAL/USART/USART.o
 .data.tx_ready
                0x0000000020000024        0x1 ./Src/MCAL/USART/USART.o
                0x0000000020000024                tx_ready
 *fill*         0x0000000020000025        0x3 
 .data.PC13     0x0000000020000028        0x7 ./Src/main.o
                0x0000000020000028                PC13
 *fill*         0x000000002000002f        0x1 
 .data.UART2RX  0x0000000020000030        0x7 ./Src/main.o
                0x0000000020000030                UART2RX
 *fill*         0x0000000020000037        0x1 
 .data.UART2TX  0x0000000020000038        0x7 ./Src/main.o
                0x0000000020000038                UART2TX
 *(.RamFunc)
 *(.RamFunc*)
                0x0000000020000040                . = ALIGN (0x4)
 *fill*         0x000000002000003f        0x1 
                0x0000000020000040                _edata = .

.igot.plt       0x0000000020000040        0x0 load address 0x0000000008009270
 .igot.plt      0x0000000020000040        0x0 C:/ST/STM32CubeIDE_1.14.0/STM32CubeIDE/plugins/com.st.stm32cube.ide.mcu.externaltools.gnu-tools-for-stm32.11.3.rel1.win32_1.1.100.202309141235/tools/bin/../lib/gcc/arm-none-eabi/11.3.1/thumb/v7e-m/nofp/crtbegin.o
                0x0000000020000040                . = ALIGN (0x4)

.bss            0x0000000020000040       0x80 load address 0x0000000008009270
                0x0000000020000040                _sbss = .
                0x0000000020000040                __bss_start__ = _sbss
 *(.bss)
 .bss           0x0000000020000040       0x1c C:/ST/STM32CubeIDE_1.14.0/STM32CubeIDE/plugins/com.st.stm32cube.ide.mcu.externaltools.gnu-tools-for-stm32.11.3.rel1.win32_1.1.100.202309141235/tools/bin/../lib/gcc/arm-none-eabi/11.3.1/thumb/v7e-m/nofp/crtbegin.o
 *(.bss*)
 .bss.EXTI_Handler
                0x000000002000005c       0x5c ./Src/MCAL/EXTI/EXTI.o
 .bss.EXTI_source
                0x00000000200000b8        0x1 ./Src/MCAL/EXTI/EXTI.o
 .bss.USART_source
                0x00000000200000b9        0x1 ./Src/MCAL/USART/USART.o
 .bss.tx_buffer
                0x00000000200000ba        0x1 ./Src/MCAL/USART/USART.o
                0x00000000200000ba                tx_buffer
 .bss.rx_buffer
                0x00000000200000bb        0x1 ./Src/MCAL/USART/USART.o
                0x00000000200000bb                rx_buffer
 .bss.rx_ready  0x00000000200000bc        0x1 ./Src/MCAL/USART/USART.o
                0x00000000200000bc                rx_ready
 *(COMMON)
                0x00000000200000c0                . = ALIGN (0x4)
 *fill*         0x00000000200000bd        0x3 
                0x00000000200000c0                _ebss = .
                0x00000000200000c0                __bss_end__ = _ebss

._user_heap_stack
                0x00000000200000c0      0x600 load address 0x0000000008009270
                0x00000000200000c0                . = ALIGN (0x8)
                [!provide]                        PROVIDE (end = .)
                0x00000000200000c0                PROVIDE (_end = .)
                0x00000000200002c0                . = (. + _Min_Heap_Size)
 *fill*         0x00000000200000c0      0x200 
                0x00000000200006c0                . = (. + _Min_Stack_Size)
 *fill*         0x00000000200002c0      0x400 
                0x00000000200006c0                . = ALIGN (0x8)

/DISCARD/
 libc.a(*)
 libm.a(*)
 libgcc.a(*)

.ARM.attributes
                0x0000000000000000       0x2a
 *(.ARM.attributes)
 .ARM.attributes
                0x0000000000000000       0x1e C:/ST/STM32CubeIDE_1.14.0/STM32CubeIDE/plugins/com.st.stm32cube.ide.mcu.externaltools.gnu-tools-for-stm32.11.3.rel1.win32_1.1.100.202309141235/tools/bin/../lib/gcc/arm-none-eabi/11.3.1/thumb/v7e-m/nofp/crti.o
 .ARM.attributes
                0x000000000000001e       0x2e C:/ST/STM32CubeIDE_1.14.0/STM32CubeIDE/plugins/com.st.stm32cube.ide.mcu.externaltools.gnu-tools-for-stm32.11.3.rel1.win32_1.1.100.202309141235/tools/bin/../lib/gcc/arm-none-eabi/11.3.1/thumb/v7e-m/nofp/crtbegin.o
 .ARM.attributes
                0x000000000000004c       0x2e ./Src/Core_Peripheral/SCB/SCB.o
 .ARM.attributes
                0x000000000000007a       0x2e ./Src/Core_Peripheral/SystTick/SystTick.o
 .ARM.attributes
                0x00000000000000a8       0x2e ./Src/HAL/Dot_Matrix/DotMatrix.o
 .ARM.attributes
                0x00000000000000d6       0x2e ./Src/MCAL/EXTI/EXTI.o
 .ARM.attributes
                0x0000000000000104       0x2e ./Src/MCAL/GPIO/GPIO.o
 .ARM.attributes
                0x0000000000000132       0x2e ./Src/MCAL/RCC/RCC.o
 .ARM.attributes
                0x0000000000000160       0x2e ./Src/MCAL/USART/USART.o
 .ARM.attributes
                0x000000000000018e       0x2e ./Src/main.o
 .ARM.attributes
                0x00000000000001bc       0x21 ./Startup/startup_stm32f401rctx.o
 .ARM.attributes
                0x00000000000001dd       0x2e C:/ST/STM32CubeIDE_1.14.0/STM32CubeIDE/plugins/com.st.stm32cube.ide.mcu.externaltools.gnu-tools-for-stm32.11.3.rel1.win32_1.1.100.202309141235/tools/bin/../lib/gcc/arm-none-eabi/11.3.1/../../../../arm-none-eabi/lib/thumb/v7e-m/nofp\libc_nano.a(libc_a-init.o)
 .ARM.attributes
                0x000000000000020b       0x1e C:/ST/STM32CubeIDE_1.14.0/STM32CubeIDE/plugins/com.st.stm32cube.ide.mcu.externaltools.gnu-tools-for-stm32.11.3.rel1.win32_1.1.100.202309141235/tools/bin/../lib/gcc/arm-none-eabi/11.3.1/thumb/v7e-m/nofp/crtn.o
OUTPUT(STM32F401_Drivers.elf elf32-littlearm)
LOAD linker stubs
LOAD C:/ST/STM32CubeIDE_1.14.0/STM32CubeIDE/plugins/com.st.stm32cube.ide.mcu.externaltools.gnu-tools-for-stm32.11.3.rel1.win32_1.1.100.202309141235/tools/bin/../lib/gcc/arm-none-eabi/11.3.1/../../../../arm-none-eabi/lib/thumb/v7e-m/nofp\libc.a
LOAD C:/ST/STM32CubeIDE_1.14.0/STM32CubeIDE/plugins/com.st.stm32cube.ide.mcu.externaltools.gnu-tools-for-stm32.11.3.rel1.win32_1.1.100.202309141235/tools/bin/../lib/gcc/arm-none-eabi/11.3.1/../../../../arm-none-eabi/lib/thumb/v7e-m/nofp\libm.a
LOAD C:/ST/STM32CubeIDE_1.14.0/STM32CubeIDE/plugins/com.st.stm32cube.ide.mcu.externaltools.gnu-tools-for-stm32.11.3.rel1.win32_1.1.100.202309141235/tools/bin/../lib/gcc/arm-none-eabi/11.3.1/thumb/v7e-m/nofp\libgcc.a

.comment        0x0000000000000000       0x43
 .comment       0x0000000000000000       0x43 C:/ST/STM32CubeIDE_1.14.0/STM32CubeIDE/plugins/com.st.stm32cube.ide.mcu.externaltools.gnu-tools-for-stm32.11.3.rel1.win32_1.1.100.202309141235/tools/bin/../lib/gcc/arm-none-eabi/11.3.1/thumb/v7e-m/nofp/crtbegin.o
                                         0x44 (size before relaxing)
 .comment       0x0000000000000043       0x44 ./Src/Core_Peripheral/SCB/SCB.o
 .comment       0x0000000000000043       0x44 ./Src/Core_Peripheral/SystTick/SystTick.o
 .comment       0x0000000000000043       0x44 ./Src/HAL/Dot_Matrix/DotMatrix.o
 .comment       0x0000000000000043       0x44 ./Src/MCAL/EXTI/EXTI.o
 .comment       0x0000000000000043       0x44 ./Src/MCAL/GPIO/GPIO.o
 .comment       0x0000000000000043       0x44 ./Src/MCAL/RCC/RCC.o
 .comment       0x0000000000000043       0x44 ./Src/MCAL/USART/USART.o
 .comment       0x0000000000000043       0x44 ./Src/main.o

.debug_info     0x0000000000000000     0x283c
 .debug_info    0x0000000000000000      0x1ba ./Src/Core_Peripheral/SCB/SCB.o
 .debug_info    0x00000000000001ba      0x1d4 ./Src/Core_Peripheral/SystTick/SystTick.o
 .debug_info    0x000000000000038e      0x47b ./Src/HAL/Dot_Matrix/DotMatrix.o
 .debug_info    0x0000000000000809      0x467 ./Src/MCAL/EXTI/EXTI.o
 .debug_info    0x0000000000000c70      0x58a ./Src/MCAL/GPIO/GPIO.o
 .debug_info    0x00000000000011fa      0x350 ./Src/MCAL/RCC/RCC.o
 .debug_info    0x000000000000154a      0x8e4 ./Src/MCAL/USART/USART.o
 .debug_info    0x0000000000001e2e      0x9eb ./Src/main.o
 .debug_info    0x0000000000002819       0x23 ./Startup/startup_stm32f401rctx.o

.debug_abbrev   0x0000000000000000      0xb97
 .debug_abbrev  0x0000000000000000      0x117 ./Src/Core_Peripheral/SCB/SCB.o
 .debug_abbrev  0x0000000000000117      0x138 ./Src/Core_Peripheral/SystTick/SystTick.o
 .debug_abbrev  0x000000000000024f      0x152 ./Src/HAL/Dot_Matrix/DotMatrix.o
 .debug_abbrev  0x00000000000003a1      0x1de ./Src/MCAL/EXTI/EXTI.o
 .debug_abbrev  0x000000000000057f      0x11e ./Src/MCAL/GPIO/GPIO.o
 .debug_abbrev  0x000000000000069d       0xf2 ./Src/MCAL/RCC/RCC.o
 .debug_abbrev  0x000000000000078f      0x23a ./Src/MCAL/USART/USART.o
 .debug_abbrev  0x00000000000009c9      0x1bc ./Src/main.o
 .debug_abbrev  0x0000000000000b85       0x12 ./Startup/startup_stm32f401rctx.o

.debug_aranges  0x0000000000000000      0x260
 .debug_aranges
                0x0000000000000000       0x20 ./Src/Core_Peripheral/SCB/SCB.o
 .debug_aranges
                0x0000000000000020       0x38 ./Src/Core_Peripheral/SystTick/SystTick.o
 .debug_aranges
                0x0000000000000058       0x30 ./Src/HAL/Dot_Matrix/DotMatrix.o
 .debug_aranges
                0x0000000000000088       0xa0 ./Src/MCAL/EXTI/EXTI.o
 .debug_aranges
                0x0000000000000128       0x40 ./Src/MCAL/GPIO/GPIO.o
 .debug_aranges
                0x0000000000000168       0x28 ./Src/MCAL/RCC/RCC.o
 .debug_aranges
                0x0000000000000190       0x80 ./Src/MCAL/USART/USART.o
 .debug_aranges
                0x0000000000000210       0x28 ./Src/main.o
 .debug_aranges
                0x0000000000000238       0x28 ./Startup/startup_stm32f401rctx.o

.debug_rnglists
                0x0000000000000000      0x1ac
 .debug_rnglists
                0x0000000000000000       0x13 ./Src/Core_Peripheral/SCB/SCB.o
 .debug_rnglists
                0x0000000000000013       0x25 ./Src/Core_Peripheral/SystTick/SystTick.o
 .debug_rnglists
                0x0000000000000038       0x21 ./Src/HAL/Dot_Matrix/DotMatrix.o
 .debug_rnglists
                0x0000000000000059       0x76 ./Src/MCAL/EXTI/EXTI.o
 .debug_rnglists
                0x00000000000000cf       0x2e ./Src/MCAL/GPIO/GPIO.o
 .debug_rnglists
                0x00000000000000fd       0x1a ./Src/MCAL/RCC/RCC.o
 .debug_rnglists
                0x0000000000000117       0x62 ./Src/MCAL/USART/USART.o
 .debug_rnglists
                0x0000000000000179       0x1a ./Src/main.o
 .debug_rnglists
                0x0000000000000193       0x19 ./Startup/startup_stm32f401rctx.o

.debug_macro    0x0000000000000000      0x91c
 .debug_macro   0x0000000000000000       0x8e ./Src/Core_Peripheral/SCB/SCB.o
 .debug_macro   0x000000000000008e       0x22 ./Src/Core_Peripheral/SCB/SCB.o
 .debug_macro   0x00000000000000b0       0x8e ./Src/Core_Peripheral/SystTick/SystTick.o
 .debug_macro   0x000000000000013e       0x4c ./Src/Core_Peripheral/SystTick/SystTick.o
 .debug_macro   0x000000000000018a       0xac ./Src/HAL/Dot_Matrix/DotMatrix.o
 .debug_macro   0x0000000000000236       0x16 ./Src/HAL/Dot_Matrix/DotMatrix.o
 .debug_macro   0x000000000000024c       0x46 ./Src/HAL/Dot_Matrix/DotMatrix.o
 .debug_macro   0x0000000000000292       0x70 ./Src/HAL/Dot_Matrix/DotMatrix.o
 .debug_macro   0x0000000000000302       0x8e ./Src/MCAL/EXTI/EXTI.o
 .debug_macro   0x0000000000000390       0x1c ./Src/MCAL/EXTI/EXTI.o
 .debug_macro   0x00000000000003ac       0x94 ./Src/MCAL/GPIO/GPIO.o
 .debug_macro   0x0000000000000440       0x8a ./Src/MCAL/RCC/RCC.o
 .debug_macro   0x00000000000004ca      0x142 ./Src/MCAL/RCC/RCC.o
 .debug_macro   0x000000000000060c       0xaf ./Src/MCAL/USART/USART.o
 .debug_macro   0x00000000000006bb       0x52 ./Src/MCAL/USART/USART.o
 .debug_macro   0x000000000000070d      0x20f ./Src/main.o

.debug_line     0x0000000000000000     0x3fa4
 .debug_line    0x0000000000000000      0x512 ./Src/Core_Peripheral/SCB/SCB.o
 .debug_line    0x0000000000000512      0x5c4 ./Src/Core_Peripheral/SystTick/SystTick.o
 .debug_line    0x0000000000000ad6      0x652 ./Src/HAL/Dot_Matrix/DotMatrix.o
 .debug_line    0x0000000000001128      0x889 ./Src/MCAL/EXTI/EXTI.o
 .debug_line    0x00000000000019b1      0x6ef ./Src/MCAL/GPIO/GPIO.o
 .debug_line    0x00000000000020a0      0x4fe ./Src/MCAL/RCC/RCC.o
 .debug_line    0x000000000000259e      0xb0b ./Src/MCAL/USART/USART.o
 .debug_line    0x00000000000030a9      0xe80 ./Src/main.o
 .debug_line    0x0000000000003f29       0x7b ./Startup/startup_stm32f401rctx.o

.debug_str      0x0000000000000000     0x7adc
 .debug_str     0x0000000000000000     0x4def ./Src/Core_Peripheral/SCB/SCB.o
                                       0x4f62 (size before relaxing)
 .debug_str     0x0000000000004def      0x241 ./Src/Core_Peripheral/SystTick/SystTick.o
                                       0x4ffd (size before relaxing)
 .debug_str     0x0000000000005030      0x522 ./Src/HAL/Dot_Matrix/DotMatrix.o
                                       0x5326 (size before relaxing)
 .debug_str     0x0000000000005552      0x345 ./Src/MCAL/EXTI/EXTI.o
                                       0x5127 (size before relaxing)
 .debug_str     0x0000000000005897       0xbc ./Src/MCAL/GPIO/GPIO.o
                                       0x5164 (size before relaxing)
 .debug_str     0x0000000000005953      0xe7b ./Src/MCAL/RCC/RCC.o
                                       0x5c3c (size before relaxing)
 .debug_str     0x00000000000067ce      0xae8 ./Src/MCAL/USART/USART.o
                                       0x58eb (size before relaxing)
 .debug_str     0x00000000000072b6      0x7f7 ./Src/main.o
                                       0x7175 (size before relaxing)
 .debug_str     0x0000000000007aad       0x2f ./Startup/startup_stm32f401rctx.o
                                         0x73 (size before relaxing)

.debug_frame    0x0000000000000000      0x744
 .debug_frame   0x0000000000000000       0x38 ./Src/Core_Peripheral/SCB/SCB.o
 .debug_frame   0x0000000000000038       0xa8 ./Src/Core_Peripheral/SystTick/SystTick.o
 .debug_frame   0x00000000000000e0       0x7c ./Src/HAL/Dot_Matrix/DotMatrix.o
 .debug_frame   0x000000000000015c      0x244 ./Src/MCAL/EXTI/EXTI.o
 .debug_frame   0x00000000000003a0       0xd8 ./Src/MCAL/GPIO/GPIO.o
 .debug_frame   0x0000000000000478       0x60 ./Src/MCAL/RCC/RCC.o
 .debug_frame   0x00000000000004d8      0x1ec ./Src/MCAL/USART/USART.o
 .debug_frame   0x00000000000006c4       0x54 ./Src/main.o
 .debug_frame   0x0000000000000718       0x2c C:/ST/STM32CubeIDE_1.14.0/STM32CubeIDE/plugins/com.st.stm32cube.ide.mcu.externaltools.gnu-tools-for-stm32.11.3.rel1.win32_1.1.100.202309141235/tools/bin/../lib/gcc/arm-none-eabi/11.3.1/../../../../arm-none-eabi/lib/thumb/v7e-m/nofp\libc_nano.a(libc_a-init.o)

.debug_line_str
                0x0000000000000000       0x67
 .debug_line_str
                0x0000000000000000       0x67 ./Startup/startup_stm32f401rctx.o
                                         0x7f (size before relaxing)
